// Jest Snapshot v1, https://goo.gl/fbAQLP

exports[`Prueba en hookapp Estructura del componente 1`] = `
<div>
  Hola Mundo
</div>
`;
